openpyxl module not available. Excel report generation will be disabled.
2026-01-31 09:30:00,082 - __main__ - INFO - YooKassa configured with account_id: 1215507
2026-01-31 09:30:00,851 - __main__ - INFO - ✅ YooKassa configuration test successful with new credentials
2026-01-31 09:30:00,982 - __main__ - WARNING - openpyxl module not available. Excel report generation will be disabled.
2026-01-31 09:30:00,986 - __main__ - INFO - 🔧 Initializing database...
2026-01-31 09:30:00,987 - __main__ - INFO - Initializing DB connection pool to localhost:5432/postgres
2026-01-31 09:30:01,005 - __main__ - INFO - ✅ PostgreSQL connection pool initialized
2026-01-31 09:30:01,006 - __main__ - INFO - Starting database initialization...
2026-01-31 09:30:01,006 - __main__ - INFO - Creating label table...
2026-01-31 09:30:01,006 - __main__ - INFO - Creating reviews table...
2026-01-31 09:30:01,007 - __main__ - INFO - Creating releases table...
2026-01-31 09:30:01,010 - __main__ - INFO - Creating files table...
2026-01-31 09:30:01,011 - __main__ - INFO - Creating distribution_agreements table...
2026-01-31 09:30:01,011 - __main__ - INFO - Creating payments table...
2026-01-31 09:30:01,011 - __main__ - INFO - Creating user_sessions table...
2026-01-31 09:30:01,012 - __main__ - INFO - Creating admin_logs table...
2026-01-31 09:30:01,012 - __main__ - INFO - Creating orders table...
2026-01-31 09:30:01,012 - __main__ - INFO - Creating promo codes table...
2026-01-31 09:30:01,013 - __main__ - INFO - Creating report requests table...
2026-01-31 09:30:01,013 - __main__ - INFO - Creating contracts table...
2026-01-31 09:30:01,181 - __main__ - INFO - Adding missing columns to existing tables...
2026-01-31 09:30:01,181 - __main__ - INFO - ✅ Added column to label table: ALTER TABLE label ADD COLUMN IF NOT EXISTS created_date TIMESTAMP DEFAULT CURRENT_TIMESTAMP
2026-01-31 09:30:01,182 - __main__ - INFO - ✅ Added column to label table: ALTER TABLE label ADD COLUMN IF NOT EXISTS balance NUMERIC(10, 2) DEFAULT 0
2026-01-31 09:30:01,182 - __main__ - INFO - ✅ Added column to label table: ALTER TABLE label ADD COLUMN IF NOT EXISTS email TEXT
2026-01-31 09:30:01,183 - __main__ - INFO - ✅ Added column to label table: ALTER TABLE label ADD COLUMN IF NOT EXISTS fio TEXT
2026-01-31 09:30:01,183 - __main__ - INFO - ✅ Added column to label table: ALTER TABLE label ADD COLUMN IF NOT EXISTS phone VARCHAR(50)
2026-01-31 09:30:01,183 - __main__ - INFO - ✅ Added column to label table: ALTER TABLE label ADD COLUMN IF NOT EXISTS owner INTEGER DEFAULT 0
2026-01-31 09:30:01,184 - __main__ - INFO - ✅ Added column to label table: ALTER TABLE label ADD COLUMN IF NOT EXISTS steezy INTEGER DEFAULT 0
2026-01-31 09:30:01,184 - __main__ - INFO - ✅ Added column to label table: ALTER TABLE label ADD COLUMN IF NOT EXISTS bibi INTEGER DEFAULT 0
2026-01-31 09:30:01,184 - __main__ - INFO - ✅ Added column to label table: ALTER TABLE label ADD COLUMN IF NOT EXISTS shvepz INTEGER DEFAULT 0
2026-01-31 09:30:01,185 - __main__ - INFO - ✅ Added column to label table: ALTER TABLE label ADD COLUMN IF NOT EXISTS creator INTEGER DEFAULT 0
2026-01-31 09:30:01,215 - __main__ - INFO - ✅ Added column to report_requests table: ALTER TABLE report_requests ADD COLUMN IF NOT EXISTS updated_at TIMESTAMP
2026-01-31 09:30:01,216 - __main__ - INFO - ✅ Added column to report_requests table: ALTER TABLE report_requests ADD COLUMN IF NOT EXISTS rejection_reason TEXT
2026-01-31 09:30:01,216 - __main__ - INFO - ✅ Modified column in report_requests table: ALTER TABLE report_requests ALTER COLUMN release_type DROP NOT NULL
2026-01-31 09:30:01,225 - __main__ - WARNING - Could not verify role columns: column "owner" is of type boolean but expression is of type integer
LINE 1: UPDATE label SET owner = 0 WHERE owner IS NULL
                                 ^
HINT:  You will need to rewrite or cast the expression.

2026-01-31 09:30:01,225 - __main__ - WARNING - Could not add column to releases table: current transaction is aborted, commands ignored until end of transaction block

2026-01-31 09:30:01,226 - __main__ - WARNING - Could not add column to releases table: current transaction is aborted, commands ignored until end of transaction block

2026-01-31 09:30:01,226 - __main__ - WARNING - Could not add column to releases table: current transaction is aborted, commands ignored until end of transaction block

2026-01-31 09:30:01,226 - __main__ - WARNING - Could not add column to releases table: current transaction is aborted, commands ignored until end of transaction block

2026-01-31 09:30:01,227 - __main__ - WARNING - Could not add column to releases table: current transaction is aborted, commands ignored until end of transaction block

2026-01-31 09:30:01,227 - __main__ - WARNING - Could not add column to files table: current transaction is aborted, commands ignored until end of transaction block

2026-01-31 09:30:01,227 - __main__ - WARNING - Could not add column to files table: current transaction is aborted, commands ignored until end of transaction block

2026-01-31 09:30:01,228 - __main__ - WARNING - Could not add column to files table: current transaction is aborted, commands ignored until end of transaction block

2026-01-31 09:30:01,228 - __main__ - WARNING - Could not add column to orders table: current transaction is aborted, commands ignored until end of transaction block

2026-01-31 09:30:01,228 - __main__ - WARNING - Could not add column to orders table: current transaction is aborted, commands ignored until end of transaction block

2026-01-31 09:30:01,228 - __main__ - WARNING - Could not add column to orders table: current transaction is aborted, commands ignored until end of transaction block

2026-01-31 09:30:01,229 - __main__ - WARNING - Could not handle promo_codes table structure: current transaction is aborted, commands ignored until end of transaction block

2026-01-31 09:30:01,229 - __main__ - ERROR - Failed to recreate promo_codes table: current transaction is aborted, commands ignored until end of transaction block

2026-01-31 09:30:01,229 - __main__ - INFO - Creating indexes...
2026-01-31 09:30:01,229 - __main__ - WARNING - Could not create index: current transaction is aborted, commands ignored until end of transaction block

2026-01-31 09:30:01,230 - __main__ - WARNING - Could not create index: current transaction is aborted, commands ignored until end of transaction block

2026-01-31 09:30:01,230 - __main__ - WARNING - Could not create index: current transaction is aborted, commands ignored until end of transaction block

2026-01-31 09:30:01,230 - __main__ - WARNING - Could not create index: current transaction is aborted, commands ignored until end of transaction block

2026-01-31 09:30:01,230 - __main__ - WARNING - Could not create index: current transaction is aborted, commands ignored until end of transaction block

2026-01-31 09:30:01,231 - __main__ - WARNING - Could not create index: current transaction is aborted, commands ignored until end of transaction block

2026-01-31 09:30:01,231 - __main__ - WARNING - Could not create index: current transaction is aborted, commands ignored until end of transaction block

2026-01-31 09:30:01,231 - __main__ - WARNING - Could not create index: current transaction is aborted, commands ignored until end of transaction block

2026-01-31 09:30:01,231 - __main__ - WARNING - Could not create index: current transaction is aborted, commands ignored until end of transaction block

2026-01-31 09:30:01,232 - __main__ - WARNING - Could not create index: current transaction is aborted, commands ignored until end of transaction block

2026-01-31 09:30:01,232 - __main__ - WARNING - Could not create index: current transaction is aborted, commands ignored until end of transaction block

2026-01-31 09:30:01,232 - __main__ - WARNING - Could not create index: current transaction is aborted, commands ignored until end of transaction block

2026-01-31 09:30:01,232 - __main__ - WARNING - Could not create index: current transaction is aborted, commands ignored until end of transaction block

2026-01-31 09:30:01,233 - __main__ - WARNING - Could not create index: current transaction is aborted, commands ignored until end of transaction block

2026-01-31 09:30:01,233 - __main__ - WARNING - Could not create index: current transaction is aborted, commands ignored until end of transaction block

2026-01-31 09:30:01,233 - __main__ - WARNING - Could not create index: current transaction is aborted, commands ignored until end of transaction block

2026-01-31 09:30:01,234 - __main__ - WARNING - Could not create index: current transaction is aborted, commands ignored until end of transaction block

2026-01-31 09:30:01,234 - __main__ - WARNING - Could not create index: current transaction is aborted, commands ignored until end of transaction block

2026-01-31 09:30:01,234 - __main__ - WARNING - Could not create index: current transaction is aborted, commands ignored until end of transaction block

2026-01-31 09:30:01,234 - __main__ - WARNING - Could not create index: current transaction is aborted, commands ignored until end of transaction block

2026-01-31 09:30:01,235 - __main__ - WARNING - Could not create index: current transaction is aborted, commands ignored until end of transaction block

2026-01-31 09:30:01,235 - __main__ - WARNING - Could not create index: current transaction is aborted, commands ignored until end of transaction block

2026-01-31 09:30:01,235 - __main__ - WARNING - Could not create index: current transaction is aborted, commands ignored until end of transaction block

2026-01-31 09:30:01,235 - __main__ - WARNING - Could not create index: current transaction is aborted, commands ignored until end of transaction block

2026-01-31 09:30:01,236 - __main__ - INFO - Setting up permanent admins...
2026-01-31 09:30:01,236 - __main__ - WARNING - Could not set up admin 464793425: current transaction is aborted, commands ignored until end of transaction block

2026-01-31 09:30:01,236 - __main__ - WARNING - Could not set up admin 1398275867: current transaction is aborted, commands ignored until end of transaction block

2026-01-31 09:30:01,236 - __main__ - INFO - ✅ Database initialization completed successfully - all tables created with indexes
2026-01-31 09:30:01,237 - __main__ - INFO - ✅ Database initialization completed
2026-01-31 09:30:01,237 - __main__ - INFO - 🔧 Ensuring database columns...
2026-01-31 09:30:01,237 - __main__ - INFO - ✅ Ensured column email exists in label table
2026-01-31 09:30:01,237 - __main__ - INFO - ✅ Ensured column fio exists in label table
2026-01-31 09:30:01,238 - __main__ - INFO - ✅ Ensured column phone exists in label table
2026-01-31 09:30:01,238 - __main__ - INFO - ✅ Ensured column steezy exists in label table
2026-01-31 09:30:01,238 - __main__ - INFO - ✅ Ensured column bibi exists in label table
2026-01-31 09:30:01,239 - __main__ - INFO - ✅ Ensured column shvepz exists in label table
2026-01-31 09:30:01,239 - __main__ - INFO - ✅ Ensured column referral_code exists in label table
2026-01-31 09:30:01,239 - __main__ - INFO - ✅ Ensured column referral_count exists in label table
2026-01-31 09:30:01,239 - __main__ - INFO - ✅ Ensured column referral_earnings exists in label table
2026-01-31 09:30:01,250 - __main__ - INFO - ✅ All required label columns verified
2026-01-31 09:30:01,250 - __main__ - INFO - ✅ Database columns ensured
2026-01-31 09:30:01,250 - __main__ - INFO - 🔧 Adding platform links column...
2026-01-31 09:30:01,250 - __main__ - INFO - Adding platform_links column to releases table...
2026-01-31 09:30:01,252 - __main__ - INFO - ✅ Added platform_links column to releases table
2026-01-31 09:30:01,252 - __main__ - INFO - ✅ Platform links column added
2026-01-31 09:30:01,252 - __main__ - INFO - 🔧 Creating referrals table...
2026-01-31 09:30:01,252 - __main__ - INFO - Creating referrals table...
2026-01-31 09:30:01,253 - __main__ - INFO - ✅ referrals table created successfully
2026-01-31 09:30:01,254 - __main__ - INFO - ✅ Referrals table created
2026-01-31 09:30:01,254 - __main__ - INFO - 🔧 Testing bot token and checking for conflicts...
2026-01-31 09:30:01,426 - __main__ - INFO - ✅ Bot connected: @twaslabel_bot
2026-01-31 09:30:01,475 - __main__ - INFO - ✅ Bot instance check passed: @twaslabel_bot
2026-01-31 09:30:01,475 - __main__ - INFO - 🚀 Starting bot with enhanced error handling...
2026-01-31 09:30:01,475 - __main__ - INFO - 🔧 Testing channel access...
2026-01-31 09:30:01,638 - __main__ - INFO - ✅ Channel access test successful: talk with a star // label
2026-01-31 09:30:02,221 - __main__ - INFO - ✅ Bot member status: administrator
2026-01-31 09:30:02,221 - __main__ - INFO - ✅ Bot has admin rights in channel
2026-01-31 09:30:02,221 - __main__ - INFO - ✅ Channel access test passed, starting bot...
2026-01-31 09:30:02,221 - __main__ - INFO - ✅ Таймауты API настроены: READ=30s, CONNECT=10s
2026-01-31 09:30:02,221 - __main__ - INFO - 🤖 Starting Telegram bot...
2026-01-31 09:37:46,422 - __main__ - INFO - User 1398275867 (dolepp) is a permanent admin
2026-01-31 09:37:47,795 - __main__ - INFO - admin_panel_handler called with data: admin_finance
2026-01-31 09:37:47,796 - __main__ - INFO - Starting access level check for user_id: 1398275867
2026-01-31 09:37:47,796 - __main__ - INFO - User 1398275867 is a permanent admin
2026-01-31 09:37:47,796 - __main__ - INFO - Calling handler for action: finance
2026-01-31 09:38:08,428 - __main__ - INFO - admin_panel_handler called with data: admin_finance
2026-01-31 09:38:08,428 - __main__ - INFO - Starting access level check for user_id: 1398275867
2026-01-31 09:38:08,428 - __main__ - INFO - User 1398275867 is a permanent admin
2026-01-31 09:38:08,428 - __main__ - INFO - Calling handler for action: finance
2026-01-31 09:38:09,255 - __main__ - INFO - admin_back called by user 1398275867
2026-01-31 09:38:09,255 - __main__ - INFO - User 1398275867 has admin access, showing admin panel
2026-01-31 09:38:09,333 - __main__ - INFO - Admin panel successfully displayed
